Watching for file changes with StatReloader
/storage/emulated/0/Projects/basic/p1/P1/urls.py changed, reloading.
Watching for file changes with StatReloader
"GET /admin/ HTTP/1.1" 302 0
"GET /admin/login/?next=/admin/ HTTP/1.1" 200 4140
"GET /static/admin/css/login.css HTTP/1.1" 304 0
"GET /favicon.ico HTTP/1.1" 302 0
"GET /license-expired/?msg=%E2%9A%A0%EF%B8%8F%20License%20expired%20and%20deactivated! HTTP/1.1" 302 0
"GET /license-expired/?msg=%E2%9A%A0%EF%B8%8F%20License%20expired%20and%20deactivated! HTTP/1.1" 302 0
"GET /license-expired/?msg=%E2%9A%A0%EF%B8%8F%20License%20expired%20and%20deactivated! HTTP/1.1" 302 0
"GET /license-expired/?msg=%E2%9A%A0%EF%B8%8F%20License%20expired%20and%20deactivated! HTTP/1.1" 302 0
"GET /license-expired/?msg=%E2%9A%A0%EF%B8%8F%20License%20expired%20and%20deactivated! HTTP/1.1" 302 0
"GET /license-expired/?msg=%E2%9A%A0%EF%B8%8F%20License%20expired%20and%20deactivated! HTTP/1.1" 302 0
"GET /license-expired/?msg=%E2%9A%A0%EF%B8%8F%20License%20expired%20and%20deactivated! HTTP/1.1" 302 0
"GET /license-expired/?msg=%E2%9A%A0%EF%B8%8F%20License%20expired%20and%20deactivated! HTTP/1.1" 302 0
"GET /license-expired/?msg=%E2%9A%A0%EF%B8%8F%20License%20expired%20and%20deactivated! HTTP/1.1" 302 0
"GET /license-expired/?msg=%E2%9A%A0%EF%B8%8F%20License%20expired%20and%20deactivated! HTTP/1.1" 302 0
"GET /license-expired/?msg=%E2%9A%A0%EF%B8%8F%20License%20expired%20and%20deactivated! HTTP/1.1" 302 0
"GET /license-expired/?msg=%E2%9A%A0%EF%B8%8F%20License%20expired%20and%20deactivated! HTTP/1.1" 302 0
"GET /license-expired/?msg=%E2%9A%A0%EF%B8%8F%20License%20expired%20and%20deactivated! HTTP/1.1" 302 0
"GET /license-expired/?msg=%E2%9A%A0%EF%B8%8F%20License%20expired%20and%20deactivated! HTTP/1.1" 302 0
"GET /license-expired/?msg=%E2%9A%A0%EF%B8%8F%20License%20expired%20and%20deactivated! HTTP/1.1" 302 0
"GET /license-expired/?msg=%E2%9A%A0%EF%B8%8F%20License%20expired%20and%20deactivated! HTTP/1.1" 302 0
"GET /license-expired/?msg=%E2%9A%A0%EF%B8%8F%20License%20expired%20and%20deactivated! HTTP/1.1" 302 0
"GET /license-expired/?msg=%E2%9A%A0%EF%B8%8F%20License%20expired%20and%20deactivated! HTTP/1.1" 302 0
"GET /license-expired/?msg=%E2%9A%A0%EF%B8%8F%20License%20expired%20and%20deactivated! HTTP/1.1" 302 0
"GET /license-expired/?msg=%E2%9A%A0%EF%B8%8F%20License%20expired%20and%20deactivated! HTTP/1.1" 302 0
"POST /admin/login/?next=/admin/ HTTP/1.1" 302 0
"GET /admin/ HTTP/1.1" 200 30857
"GET /static/admin/img/icon-deletelink.svg HTTP/1.1" 200 392
"GET /favicon.ico HTTP/1.1" 302 0
"GET /license-expired/?msg=%E2%9A%A0%EF%B8%8F%20License%20expired%20and%20deactivated! HTTP/1.1" 302 0
"GET /license-expired/?msg=%E2%9A%A0%EF%B8%8F%20License%20expired%20and%20deactivated! HTTP/1.1" 302 0
"GET /license-expired/?msg=%E2%9A%A0%EF%B8%8F%20License%20expired%20and%20deactivated! HTTP/1.1" 302 0
"GET /license-expired/?msg=%E2%9A%A0%EF%B8%8F%20License%20expired%20and%20deactivated! HTTP/1.1" 302 0
"GET /license-expired/?msg=%E2%9A%A0%EF%B8%8F%20License%20expired%20and%20deactivated! HTTP/1.1" 302 0
"GET /license-expired/?msg=%E2%9A%A0%EF%B8%8F%20License%20expired%20and%20deactivated! HTTP/1.1" 302 0
"GET /license-expired/?msg=%E2%9A%A0%EF%B8%8F%20License%20expired%20and%20deactivated! HTTP/1.1" 302 0
"GET /license-expired/?msg=%E2%9A%A0%EF%B8%8F%20License%20expired%20and%20deactivated! HTTP/1.1" 302 0
"GET /license-expired/?msg=%E2%9A%A0%EF%B8%8F%20License%20expired%20and%20deactivated! HTTP/1.1" 302 0
"GET /license-expired/?msg=%E2%9A%A0%EF%B8%8F%20License%20expired%20and%20deactivated! HTTP/1.1" 302 0
"GET /license-expired/?msg=%E2%9A%A0%EF%B8%8F%20License%20expired%20and%20deactivated! HTTP/1.1" 302 0
"GET /license-expired/?msg=%E2%9A%A0%EF%B8%8F%20License%20expired%20and%20deactivated! HTTP/1.1" 302 0
"GET /license-expired/?msg=%E2%9A%A0%EF%B8%8F%20License%20expired%20and%20deactivated! HTTP/1.1" 302 0
"GET /license-expired/?msg=%E2%9A%A0%EF%B8%8F%20License%20expired%20and%20deactivated! HTTP/1.1" 302 0
"GET /license-expired/?msg=%E2%9A%A0%EF%B8%8F%20License%20expired%20and%20deactivated! HTTP/1.1" 302 0
"GET /license-expired/?msg=%E2%9A%A0%EF%B8%8F%20License%20expired%20and%20deactivated! HTTP/1.1" 302 0
"GET /license-expired/?msg=%E2%9A%A0%EF%B8%8F%20License%20expired%20and%20deactivated! HTTP/1.1" 302 0
"GET /license-expired/?msg=%E2%9A%A0%EF%B8%8F%20License%20expired%20and%20deactivated! HTTP/1.1" 302 0
"GET /license-expired/?msg=%E2%9A%A0%EF%B8%8F%20License%20expired%20and%20deactivated! HTTP/1.1" 302 0
"GET /license-expired/?msg=%E2%9A%A0%EF%B8%8F%20License%20expired%20and%20deactivated! HTTP/1.1" 302 0
"GET /admin/ HTTP/1.1" 200 30857
"GET /favicon.ico HTTP/1.1" 302 0
"GET /license-expired/?msg=%E2%9A%A0%EF%B8%8F%20License%20expired%20and%20deactivated! HTTP/1.1" 302 0
"GET /license-expired/?msg=%E2%9A%A0%EF%B8%8F%20License%20expired%20and%20deactivated! HTTP/1.1" 302 0
"GET /license-expired/?msg=%E2%9A%A0%EF%B8%8F%20License%20expired%20and%20deactivated! HTTP/1.1" 302 0
"GET /license-expired/?msg=%E2%9A%A0%EF%B8%8F%20License%20expired%20and%20deactivated! HTTP/1.1" 302 0
"GET /license-expired/?msg=%E2%9A%A0%EF%B8%8F%20License%20expired%20and%20deactivated! HTTP/1.1" 302 0
"GET /license-expired/?msg=%E2%9A%A0%EF%B8%8F%20License%20expired%20and%20deactivated! HTTP/1.1" 302 0
"GET /license-expired/?msg=%E2%9A%A0%EF%B8%8F%20License%20expired%20and%20deactivated! HTTP/1.1" 302 0
"GET /license-expired/?msg=%E2%9A%A0%EF%B8%8F%20License%20expired%20and%20deactivated! HTTP/1.1" 302 0
"GET /license-expired/?msg=%E2%9A%A0%EF%B8%8F%20License%20expired%20and%20deactivated! HTTP/1.1" 302 0
"GET /license-expired/?msg=%E2%9A%A0%EF%B8%8F%20License%20expired%20and%20deactivated! HTTP/1.1" 302 0
"GET /license-expired/?msg=%E2%9A%A0%EF%B8%8F%20License%20expired%20and%20deactivated! HTTP/1.1" 302 0
"GET /license-expired/?msg=%E2%9A%A0%EF%B8%8F%20License%20expired%20and%20deactivated! HTTP/1.1" 302 0
"GET /license-expired/?msg=%E2%9A%A0%EF%B8%8F%20License%20expired%20and%20deactivated! HTTP/1.1" 302 0
"GET /license-expired/?msg=%E2%9A%A0%EF%B8%8F%20License%20expired%20and%20deactivated! HTTP/1.1" 302 0
"GET /license-expired/?msg=%E2%9A%A0%EF%B8%8F%20License%20expired%20and%20deactivated! HTTP/1.1" 302 0
"GET /license-expired/?msg=%E2%9A%A0%EF%B8%8F%20License%20expired%20and%20deactivated! HTTP/1.1" 302 0
"GET /license-expired/?msg=%E2%9A%A0%EF%B8%8F%20License%20expired%20and%20deactivated! HTTP/1.1" 302 0
"GET /license-expired/?msg=%E2%9A%A0%EF%B8%8F%20License%20expired%20and%20deactivated! HTTP/1.1" 302 0
"GET /license-expired/?msg=%E2%9A%A0%EF%B8%8F%20License%20expired%20and%20deactivated! HTTP/1.1" 302 0
"GET /license-expired/?msg=%E2%9A%A0%EF%B8%8F%20License%20expired%20and%20deactivated! HTTP/1.1" 302 0
"GET /manifest.json HTTP/1.1" 302 0
"GET /license-expired/?msg=%E2%9A%A0%EF%B8%8F%20License%20expired%20and%20deactivated! HTTP/1.1" 302 0
"GET /license-expired/?msg=%E2%9A%A0%EF%B8%8F%20License%20expired%20and%20deactivated! HTTP/1.1" 302 0
"GET /license-expired/?msg=%E2%9A%A0%EF%B8%8F%20License%20expired%20and%20deactivated! HTTP/1.1" 302 0
"GET /license-expired/?msg=%E2%9A%A0%EF%B8%8F%20License%20expired%20and%20deactivated! HTTP/1.1" 302 0
"GET /license-expired/?msg=%E2%9A%A0%EF%B8%8F%20License%20expired%20and%20deactivated! HTTP/1.1" 302 0
"GET /license-expired/?msg=%E2%9A%A0%EF%B8%8F%20License%20expired%20and%20deactivated! HTTP/1.1" 302 0
"GET /license-expired/?msg=%E2%9A%A0%EF%B8%8F%20License%20expired%20and%20deactivated! HTTP/1.1" 302 0
"GET /license-expired/?msg=%E2%9A%A0%EF%B8%8F%20License%20expired%20and%20deactivated! HTTP/1.1" 302 0
"GET /license-expired/?msg=%E2%9A%A0%EF%B8%8F%20License%20expired%20and%20deactivated! HTTP/1.1" 302 0
"GET /license-expired/?msg=%E2%9A%A0%EF%B8%8F%20License%20expired%20and%20deactivated! HTTP/1.1" 302 0
"GET /license-expired/?msg=%E2%9A%A0%EF%B8%8F%20License%20expired%20and%20deactivated! HTTP/1.1" 302 0
"GET /license-expired/?msg=%E2%9A%A0%EF%B8%8F%20License%20expired%20and%20deactivated! HTTP/1.1" 302 0
"GET /license-expired/?msg=%E2%9A%A0%EF%B8%8F%20License%20expired%20and%20deactivated! HTTP/1.1" 302 0
"GET /license-expired/?msg=%E2%9A%A0%EF%B8%8F%20License%20expired%20and%20deactivated! HTTP/1.1" 302 0
"GET /license-expired/?msg=%E2%9A%A0%EF%B8%8F%20License%20expired%20and%20deactivated! HTTP/1.1" 302 0
"GET /license-expired/?msg=%E2%9A%A0%EF%B8%8F%20License%20expired%20and%20deactivated! HTTP/1.1" 302 0
"GET /license-expired/?msg=%E2%9A%A0%EF%B8%8F%20License%20expired%20and%20deactivated! HTTP/1.1" 302 0
"GET /license-expired/?msg=%E2%9A%A0%EF%B8%8F%20License%20expired%20and%20deactivated! HTTP/1.1" 302 0
"GET /license-expired/?msg=%E2%9A%A0%EF%B8%8F%20License%20expired%20and%20deactivated! HTTP/1.1" 302 0
"GET /license-expired/?msg=%E2%9A%A0%EF%B8%8F%20License%20expired%20and%20deactivated! HTTP/1.1" 302 0
"GET /license-expired/?msg=%E2%9A%A0%EF%B8%8F%20License%20expired%20and%20deactivated! HTTP/1.1" 302 0
"GET /license-expired/?msg=%E2%9A%A0%EF%B8%8F%20License%20expired%20and%20deactivated! HTTP/1.1" 302 0
"GET /license-expired/?msg=%E2%9A%A0%EF%B8%8F%20License%20expired%20and%20deactivated! HTTP/1.1" 302 0
"GET /license-expired/?msg=%E2%9A%A0%EF%B8%8F%20License%20expired%20and%20deactivated! HTTP/1.1" 302 0
"GET /license-expired/?msg=%E2%9A%A0%EF%B8%8F%20License%20expired%20and%20deactivated! HTTP/1.1" 302 0
"GET /license-expired/?msg=%E2%9A%A0%EF%B8%8F%20License%20expired%20and%20deactivated! HTTP/1.1" 302 0
"GET /license-expired/?msg=%E2%9A%A0%EF%B8%8F%20License%20expired%20and%20deactivated! HTTP/1.1" 302 0
"GET /license-expired/?msg=%E2%9A%A0%EF%B8%8F%20License%20expired%20and%20deactivated! HTTP/1.1" 302 0
"GET /license-expired/?msg=%E2%9A%A0%EF%B8%8F%20License%20expired%20and%20deactivated! HTTP/1.1" 302 0
"GET /license-expired/?msg=%E2%9A%A0%EF%B8%8F%20License%20expired%20and%20deactivated! HTTP/1.1" 302 0
"GET /license-expired/?msg=%E2%9A%A0%EF%B8%8F%20License%20expired%20and%20deactivated! HTTP/1.1" 302 0
"GET /license-expired/?msg=%E2%9A%A0%EF%B8%8F%20License%20expired%20and%20deactivated! HTTP/1.1" 302 0
"GET /license-expired/?msg=%E2%9A%A0%EF%B8%8F%20License%20expired%20and%20deactivated! HTTP/1.1" 302 0
"GET /license-expired/?msg=%E2%9A%A0%EF%B8%8F%20License%20expired%20and%20deactivated! HTTP/1.1" 302 0
"GET /license-expired/?msg=%E2%9A%A0%EF%B8%8F%20License%20expired%20and%20deactivated! HTTP/1.1" 302 0
"GET /license-expired/?msg=%E2%9A%A0%EF%B8%8F%20License%20expired%20and%20deactivated! HTTP/1.1" 302 0
"GET /license-expired/?msg=%E2%9A%A0%EF%B8%8F%20License%20expired%20and%20deactivated! HTTP/1.1" 302 0
"GET /license-expired/?msg=%E2%9A%A0%EF%B8%8F%20License%20expired%20and%20deactivated! HTTP/1.1" 302 0
"GET /license-expired/?msg=%E2%9A%A0%EF%B8%8F%20License%20expired%20and%20deactivated! HTTP/1.1" 302 0
Watching for file changes with StatReloader
/storage/emulated/0/Projects/basic/p1/P1/settings.py changed, reloading.
Watching for file changes with StatReloader
Watching for file changes with StatReloader
Watching for file changes with StatReloader
/storage/emulated/0/Projects/basic/p1/P1/settings.py changed, reloading.
